cargo :    Compiling simple-db v0.1.0 
(C:\Users\Filipe\Work\Filipe\Repos\Dev\simple-db\simple-db)
At line:1 char:1
+ cargo test --all 2>&1 | Tee-Object -FilePath test_output.txt; Write-O ...
+ ~~~~~~~~~~~~~~~~~~~~~
    + CategoryInfo          : NotSpecified: (   Compiling si...e-db\simple-db) 
   :String) [], RemoteException
    + FullyQualifiedErrorId : NativeCommandError
 
warning: unused imports: `DbContext`, `DbEntityModel`, `DbEntity`, 
`driver::memory::MemoryDriver`, and `query::Query`
  --> simple-db\examples\db_entity_macro_example.rs:7:5
   |
 7 |     DbContext,
   |     ^^^^^^^^^
 8 |     driver::memory::MemoryDriver,
   |     ^^^^^^^^^^^^^^^^^^^^^^^^^^^^
 9 |     entity::{DbEntity, DbEntityModel},
   |              ^^^^^^^^  ^^^^^^^^^^^^^
10 |     query::Query,
   |     ^^^^^^^^^^^^
   |
   = note: `#[warn(unused_imports)]` (part of `#[warn(unused)]`) on by default

warning: unused import: `std::sync::Arc`
  --> simple-db\examples\db_entity_macro_example.rs:12:5
   |
12 | use std::sync::Arc;
   |     ^^^^^^^^^^^^^^

error[E0601]: `main` function not found in crate `db_entity_macro_example`
  --> simple-db\examples\db_entity_macro_example.rs:12:20
   |
12 | use std::sync::Arc;
   |                    ^ consider adding a `main` function to 
`simple-db\examples\db_entity_macro_example.rs`

For more information about this error, try `rustc --explain E0601`.
warning: `simple-db` (example "db_entity_macro_example") generated 2 warnings
error: could not compile `simple-db` (example "db_entity_macro_example") due 
to 1 previous error; 2 warnings emitted
warning: build failed, waiting for other jobs to finish...
error: cannot find derive macro `DbEntity` in this scope
  --> simple-db\examples\macro_usage_example.rs:17:10
   |
17 | #[derive(DbEntity, Clone, Debug)]
   |          ^^^^^^^^
   |
note: `DbEntity` is imported here, but it is a struct, not a derive macro
  --> simple-db\examples\macro_usage_example.rs:6:5
   |
 6 |     entity::DbEntity,
   |     ^^^^^^^^^^^^^^^^
help: consider importing this derive macro
   |
 3 + use simple_db_macro::DbEntity;
   |

error: cannot find attribute `db_entity` in this scope
  --> simple-db\examples\macro_usage_example.rs:18:3
   |
18 | #[db_entity(collection = "users")]
   |   ^^^^^^^^^

error: cannot find attribute `db_entity` in this scope
  --> simple-db\examples\macro_usage_example.rs:20:7
   |
20 |     #[db_entity(primary_key)]
   |       ^^^^^^^^^

error: cannot find derive macro `DbEntity` in this scope
  --> simple-db\examples\macro_usage_example.rs:30:10
   |
30 | #[derive(DbEntity, Clone, Debug)]
   |          ^^^^^^^^
   |
note: `DbEntity` is imported here, but it is a struct, not a derive macro
  --> simple-db\examples\macro_usage_example.rs:6:5
   |
 6 |     entity::DbEntity,
   |     ^^^^^^^^^^^^^^^^
help: consider importing this derive macro
   |
 3 + use simple_db_macro::DbEntity;
   |

error: cannot find attribute `db_entity` in this scope
  --> simple-db\examples\macro_usage_example.rs:31:3
   |
31 | #[db_entity(collection = "user_roles")]
   |   ^^^^^^^^^

error: cannot find attribute `db_entity` in this scope
  --> simple-db\examples\macro_usage_example.rs:33:7
   |
33 |     #[db_entity(primary_key)]
   |       ^^^^^^^^^

error: cannot find attribute `db_entity` in this scope
  --> simple-db\examples\macro_usage_example.rs:35:7
   |
35 |     #[db_entity(primary_key)]
   |       ^^^^^^^^^

error: cannot find derive macro `DbEntity` in this scope
  --> simple-db\examples\macro_usage_example.rs:44:10
   |
44 | #[derive(DbEntity, Clone, Debug)]
   |          ^^^^^^^^
   |
note: `DbEntity` is imported here, but it is a struct, not a derive macro
  --> simple-db\examples\macro_usage_example.rs:6:5
   |
 6 |     entity::DbEntity,
   |     ^^^^^^^^^^^^^^^^
help: consider importing this derive macro
   |
 3 + use simple_db_macro::DbEntity;
   |

error: cannot find attribute `db_entity` in this scope
  --> simple-db\examples\macro_usage_example.rs:45:3
   |
45 | #[db_entity(collection = "products")]
   |   ^^^^^^^^^

error: cannot find attribute `db_entity` in this scope
  --> simple-db\examples\macro_usage_example.rs:47:7
   |
47 |     #[db_entity(primary_key)]
   |       ^^^^^^^^^

error[E0277]: the trait bound `User: DbEntityModel` is not satisfied
  --> simple-db\examples\macro_usage_example.rs:98:36
   |
98 |     let mut entity = DbEntity::new(user);
   |                      ------------- ^^^^ unsatisfied trait bound
   |                      |
   |                      required by a bound introduced by this call
   |
help: the trait `DbEntityModel` is not implemented for `User`
  --> simple-db\examples\macro_usage_example.rs:19:1
   |
19 | pub struct User {
   | ^^^^^^^^^^^^^^^
note: required by a bound in `DbEntity::<T>::new`
  --> simple-db\src\entity\entity.rs:60:9
   |
60 | impl<T: DbEntityModel> DbEntity<T> {
   |         ^^^^^^^^^^^^^ required by this bound in `DbEntity::<T>::new`
61 |     pub fn new(entity: T) -> Self {
   |            --- required by a bound in this associated function

error[E0277]: the trait bound `User: DbEntityModel` is not satisfied
  --> simple-db\examples\macro_usage_example.rs:98:22
   |
98 |     let mut entity = DbEntity::new(user);
   |                      ^^^^^^^^^^^^^^^^^^^ unsatisfied trait bound
   |
help: the trait `DbEntityModel` is not implemented for `User`
  --> simple-db\examples\macro_usage_example.rs:19:1
   |
19 | pub struct User {
   | ^^^^^^^^^^^^^^^
note: required by a bound in `DbEntity`
  --> simple-db\src\entity\entity.rs:54:24
   |
54 | pub struct DbEntity<T: DbEntityModel> {
   |                        ^^^^^^^^^^^^^ required by this bound in `DbEntity`

error[E0599]: the method `save` exists for struct `DbEntity<User>`, but its 
trait bounds were not satisfied
  --> simple-db\examples\macro_usage_example.rs:99:12
   |
19 | pub struct User {
   | --------------- doesn't satisfy `User: DbEntityModel`
...
99 |     entity.save(&ctx).await?;
   |            ^^^^ method cannot be called on `DbEntity<User>` due to 
unsatisfied trait bounds
   |
   = note: the following trait bounds were not satisfied:
           `User: DbEntityModel`
note: the trait `DbEntityModel` must be implemented
  --> simple-db\src\entity\entity.rs:28:1
   |
28 | pub trait DbEntityModel: FromDbRow + Into<DbRow> + Send + Sync + Clone + 
'static {
   | ^^^^^^^^^^^^^^^^^^^^^^^^^^^^^^^^^^^^^^^^^^^^^^^^^^^^^^^^^^^^^^^^^^^^^^^^^^
^^^^^^

error[E0277]: the trait bound `Product: DbEntityModel` is not satisfied
   --> simple-db\examples\macro_usage_example.rs:111:44
    |
111 |     let mut product_entity = DbEntity::new(product);
    |                              ------------- ^^^^^^^ unsatisfied trait 
bound
    |                              |
    |                              required by a bound introduced by this call
    |
help: the trait `DbEntityModel` is not implemented for `Product`
   --> simple-db\examples\macro_usage_example.rs:46:1
    |
 46 | pub struct Product {
    | ^^^^^^^^^^^^^^^^^^
note: required by a bound in `DbEntity::<T>::new`
   --> simple-db\src\entity\entity.rs:60:9
    |
 60 | impl<T: DbEntityModel> DbEntity<T> {
    |         ^^^^^^^^^^^^^ required by this bound in `DbEntity::<T>::new`
 61 |     pub fn new(entity: T) -> Self {
    |            --- required by a bound in this associated function

error[E0277]: the trait bound `Product: DbEntityModel` is not satisfied
   --> simple-db\examples\macro_usage_example.rs:111:30
    |
111 |     let mut product_entity = DbEntity::new(product);
    |                              ^^^^^^^^^^^^^^^^^^^^^^ unsatisfied trait 
bound
    |
help: the trait `DbEntityModel` is not implemented for `Product`
   --> simple-db\examples\macro_usage_example.rs:46:1
    |
 46 | pub struct Product {
    | ^^^^^^^^^^^^^^^^^^
note: required by a bound in `DbEntity`
   --> simple-db\src\entity\entity.rs:54:24
    |
 54 | pub struct DbEntity<T: DbEntityModel> {
    |                        ^^^^^^^^^^^^^ required by this bound in `DbEntity`

error[E0599]: the method `save` exists for struct `DbEntity<Product>`, but its 
trait bounds were not satisfied
   --> simple-db\examples\macro_usage_example.rs:112:20
    |
 46 | pub struct Product {
    | ------------------ doesn't satisfy `Product: DbEntityModel`
...
112 |     product_entity.save(&ctx).await?;
    |                    ^^^^ method cannot be called on `DbEntity<Product>` 
due to unsatisfied trait bounds
    |
    = note: the following trait bounds were not satisfied:
            `Product: DbEntityModel`
note: the trait `DbEntityModel` must be implemented
   --> simple-db\src\entity\entity.rs:28:1
    |
 28 | pub trait DbEntityModel: FromDbRow + Into<DbRow> + Send + Sync + Clone + 
'static {
    | ^^^^^^^^^^^^^^^^^^^^^^^^^^^^^^^^^^^^^^^^^^^^^^^^^^^^^^^^^^^^^^^^^^^^^^^^^
^^^^^^^

error[E0277]: the trait bound `User: DbEntityModel` is not satisfied
   --> simple-db\examples\macro_usage_example.rs:116:46
    |
116 |     let users = ctx.find_entities_readonly::<User>(query).await?;
    |                     ----------------------   ^^^^ unsatisfied trait bound
    |                     |
    |                     required by a bound introduced by this call
    |
help: the trait `DbEntityModel` is not implemented for `User`
   --> simple-db\examples\macro_usage_example.rs:19:1
    |
 19 | pub struct User {
    | ^^^^^^^^^^^^^^^
note: required by a bound in `DbContext::find_entities_readonly`
   --> simple-db\src\context.rs:64:44
    |
 64 |     pub async fn find_entities_readonly<T: DbEntityModel>(&self, query: 
FindQuery) -> Result<Vec<T>, DbError> {
    |                                            ^^^^^^^^^^^^^ required by 
this bound in `DbContext::find_entities_readonly`

error[E0277]: the trait bound `User: DbEntityModel` is not satisfied
   --> simple-db\examples\macro_usage_example.rs:116:17
    |
116 |     let users = ctx.find_entities_readonly::<User>(query).await?;
    |                 ^^^^^^^^^^^^^^^^^^^^^^^^^^^^^^^^^^^^^^^^^ unsatisfied 
trait bound
    |
help: the trait `DbEntityModel` is not implemented for `User`
   --> simple-db\examples\macro_usage_example.rs:19:1
    |
 19 | pub struct User {
    | ^^^^^^^^^^^^^^^
note: required by a bound in `DbContext::find_entities_readonly`
   --> simple-db\src\context.rs:64:44
    |
 64 |     pub async fn find_entities_readonly<T: DbEntityModel>(&self, query: 
FindQuery) -> Result<Vec<T>, DbError> {
    |                                            ^^^^^^^^^^^^^ required by 
this bound in `DbContext::find_entities_readonly`

error[E0277]: the trait bound `User: DbEntityModel` is not satisfied
   --> simple-db\examples\macro_usage_example.rs:116:59
    |
116 |     let users = ctx.find_entities_readonly::<User>(query).await?;
    |                                                           ^^^^^ 
unsatisfied trait bound
    |
help: the trait `DbEntityModel` is not implemented for `User`
   --> simple-db\examples\macro_usage_example.rs:19:1
    |
 19 | pub struct User {
    | ^^^^^^^^^^^^^^^
note: required by a bound in `DbContext::find_entities_readonly`
   --> simple-db\src\context.rs:64:44
    |
 64 |     pub async fn find_entities_readonly<T: DbEntityModel>(&self, query: 
FindQuery) -> Result<Vec<T>, DbError> {
    |                                            ^^^^^^^^^^^^^ required by 
this bound in `DbContext::find_entities_readonly`

error[E0277]: the trait bound `Product: DbEntityModel` is not satisfied
   --> simple-db\examples\macro_usage_example.rs:124:44
    |
124 |     let mut products = ctx.find_entities::<Product>(query).await?;
    |                            -------------   ^^^^^^^ unsatisfied trait 
bound
    |                            |
    |                            required by a bound introduced by this call
    |
help: the trait `DbEntityModel` is not implemented for `Product`
   --> simple-db\examples\macro_usage_example.rs:46:1
    |
 46 | pub struct Product {
    | ^^^^^^^^^^^^^^^^^^
note: required by a bound in `DbContext::find_entities`
   --> simple-db\src\context.rs:46:35
    |
 46 |     pub async fn find_entities<T: DbEntityModel>(&self, query: 
FindQuery) -> Result<Vec<DbEntity<T>>, DbError> {
    |                                   ^^^^^^^^^^^^^ required by this bound 
in `DbContext::find_entities`

error[E0277]: the trait bound `Product: DbEntityModel` is not satisfied
   --> simple-db\examples\macro_usage_example.rs:124:24
    |
124 |     let mut products = ctx.find_entities::<Product>(query).await?;
    |                        ^^^^^^^^^^^^^^^^^^^^^^^^^^^^^^^^^^^ unsatisfied 
trait bound
    |
help: the trait `DbEntityModel` is not implemented for `Product`
   --> simple-db\examples\macro_usage_example.rs:46:1
    |
 46 | pub struct Product {
    | ^^^^^^^^^^^^^^^^^^
note: required by a bound in `DbContext::find_entities`
   --> simple-db\src\context.rs:46:35
    |
 46 |     pub async fn find_entities<T: DbEntityModel>(&self, query: 
FindQuery) -> Result<Vec<DbEntity<T>>, DbError> {
    |                                   ^^^^^^^^^^^^^ required by this bound 
in `DbContext::find_entities`

error[E0277]: the trait bound `Product: DbEntityModel` is not satisfied
   --> simple-db\examples\macro_usage_example.rs:124:60
    |
124 |     let mut products = ctx.find_entities::<Product>(query).await?;
    |                                                            ^^^^^ 
unsatisfied trait bound
    |
help: the trait `DbEntityModel` is not implemented for `Product`
   --> simple-db\examples\macro_usage_example.rs:46:1
    |
 46 | pub struct Product {
    | ^^^^^^^^^^^^^^^^^^
note: required by a bound in `DbContext::find_entities`
   --> simple-db\src\context.rs:46:35
    |
 46 |     pub async fn find_entities<T: DbEntityModel>(&self, query: 
FindQuery) -> Result<Vec<DbEntity<T>>, DbError> {
    |                                   ^^^^^^^^^^^^^ required by this bound 
in `DbContext::find_entities`

error[E0277]: the trait bound `Product: DbEntityModel` is not satisfied
   --> simple-db\examples\macro_usage_example.rs:124:24
    |
124 |     let mut products = ctx.find_entities::<Product>(query).await?;
    |                        ^^^^^^^^^^^^^^^^^^^^^^^^^^^^^^^^^^^^^^^^^ 
unsatisfied trait bound
    |
help: the trait `DbEntityModel` is not implemented for `Product`
   --> simple-db\examples\macro_usage_example.rs:46:1
    |
 46 | pub struct Product {
    | ^^^^^^^^^^^^^^^^^^
note: required by a bound in `DbEntity`
   --> simple-db\src\entity\entity.rs:54:24
    |
 54 | pub struct DbEntity<T: DbEntityModel> {
    |                        ^^^^^^^^^^^^^ required by this bound in `DbEntity`

error[E0277]: the trait bound `Product: DbEntityModel` is not satisfied
   --> simple-db\examples\macro_usage_example.rs:124:24
    |
124 |     let mut products = ctx.find_entities::<Product>(query).await?;
    |                        ^^^^^^^^^^^^^^^^^^^^^^^^^^^^^^^^^^^^^^^^^^ 
unsatisfied trait bound
    |
help: the trait `DbEntityModel` is not implemented for `Product`
   --> simple-db\examples\macro_usage_example.rs:46:1
    |
 46 | pub struct Product {
    | ^^^^^^^^^^^^^^^^^^
note: required by a bound in `DbEntity`
   --> simple-db\src\entity\entity.rs:54:24
    |
 54 | pub struct DbEntity<T: DbEntityModel> {
    |                        ^^^^^^^^^^^^^ required by this bound in `DbEntity`

error[E0277]: the trait bound `Product: DbEntityModel` is not satisfied
   --> simple-db\examples\macro_usage_example.rs:126:31
    |
126 |     if let Some(mut entity) = products.into_iter().next() {
    |                               ^^^^^^^^^^^^^^^^^^^^ unsatisfied trait 
bound
    |
help: the trait `DbEntityModel` is not implemented for `Product`
   --> simple-db\examples\macro_usage_example.rs:46:1
    |
 46 | pub struct Product {
    | ^^^^^^^^^^^^^^^^^^
note: required by a bound in `DbEntity`
   --> simple-db\src\entity\entity.rs:54:24
    |
 54 | pub struct DbEntity<T: DbEntityModel> {
    |                        ^^^^^^^^^^^^^ required by this bound in `DbEntity`

error[E0277]: the trait bound `Product: DbEntityModel` is not satisfied
   --> simple-db\examples\macro_usage_example.rs:126:31
    |
126 |     if let Some(mut entity) = products.into_iter().next() {
    |                               ^^^^^^^^^^^^^^^^^^^^^^^^^^^ unsatisfied 
trait bound
    |
help: the trait `DbEntityModel` is not implemented for `Product`
   --> simple-db\examples\macro_usage_example.rs:46:1
    |
 46 | pub struct Product {
    | ^^^^^^^^^^^^^^^^^^
note: required by a bound in `DbEntity`
   --> simple-db\src\entity\entity.rs:54:24
    |
 54 | pub struct DbEntity<T: DbEntityModel> {
    |                        ^^^^^^^^^^^^^ required by this bound in `DbEntity`

error[E0599]: the method `save` exists for struct `DbEntity<Product>`, but its 
trait bounds were not satisfied
   --> simple-db\examples\macro_usage_example.rs:128:16
    |
 46 | pub struct Product {
    | ------------------ doesn't satisfy `Product: DbEntityModel`
...
128 |         entity.save(&ctx).await?;
    |                ^^^^ method cannot be called on `DbEntity<Product>` due 
to unsatisfied trait bounds
    |
    = note: the following trait bounds were not satisfied:
            `Product: DbEntityModel`
note: the trait `DbEntityModel` must be implemented
   --> simple-db\src\entity\entity.rs:28:1
    |
 28 | pub trait DbEntityModel: FromDbRow + Into<DbRow> + Send + Sync + Clone + 
'static {
    | ^^^^^^^^^^^^^^^^^^^^^^^^^^^^^^^^^^^^^^^^^^^^^^^^^^^^^^^^^^^^^^^^^^^^^^^^^
^^^^^^^

Some errors have detailed explanations: E0277, E0599.
For more information about an error, try `rustc --explain E0277`.
error: could not compile `simple-db` (example "macro_usage_example") due to 27 
previous errors
